// Vitest Snapshot v1

exports[`add 1`] = `"Bot builder"`;

exports[`should not change any of the variables 1`] = `"Bot builder"`;
